// Jest Snapshot v1, https://goo.gl/fbAQLP

exports[`BoxCalendar Should match with snapshot 1`] = `
<div
  className="sc-EHOje izPosg"
>
  <div
    className="sc-htpNat llGTNA"
  >
    <div
      className="sc-bxivhb dxsIBs"
    >
      Select the dates to stay in Charlotte
    </div>
  </div>
  <div
    className="sc-gqjmRU eAfyOT"
  >
    <div
      className="sc-iwsKbI jgrBQH"
    >
      <div
        className="sc-bZQynM jfCEGa"
      >
        <div
          className="sc-htoDjs iUqqkf"
        >
          CHECK-IN
        </div>
        <div
          className="sc-dnqmqq cmuNkm"
        >
          Choose a date
        </div>
      </div>
      <div
        className="sc-bZQynM jfCEGa"
      >
        <div
          className="sc-htoDjs iUqqkf"
        >
          CHECK-OUT
        </div>
        <div
          className="sc-dnqmqq cmuNkm"
        >
          Choose a date
        </div>
      </div>
      <a
        className="sc-bdVaJa fxfHPe"
        onClick={undefined}
      >
        Search hotels
      </a>
    </div>
    <div
      className="sc-gZMcBi hwBuNd"
    />
  </div>
</div>
`;
