// Jest Snapshot v1, https://goo.gl/fbAQLP

exports[`FilterRange Should match with snapshot 1`] = `
<div
  className="sc-bdVaJa tsCoj"
>
  <div
    className="sc-htpNat KtFsv"
  >
    <div
      className="sc-bwzfXH iGTVFs"
    >
      Price Range
    </div>
    <div
      className="rheostat rheostat-horizontal "
      onClick={[Function]}
      style={
        Object {
          "position": "relative",
        }
      }
    >
      <div
        className="rheostat-background"
      />
      <button
        aria-disabled={false}
        aria-valuemax={1000}
        aria-valuemin={100}
        aria-valuenow={undefined}
        className="rheostat-handle"
        data-handle-key={0}
        onClick={undefined}
        onKeyDown={[Function]}
        onMouseDown={[Function]}
        onTouchStart={[Function]}
        role="slider"
        style={
          Object {
            "left": "NaN%",
            "position": "absolute",
          }
        }
        tabIndex={0}
        type="button"
      />
      <button
        aria-disabled={false}
        aria-valuemax={1000}
        aria-valuemin={100}
        aria-valuenow={undefined}
        className="rheostat-handle"
        data-handle-key={1}
        onClick={undefined}
        onKeyDown={[Function]}
        onMouseDown={[Function]}
        onTouchStart={[Function]}
        role="slider"
        style={
          Object {
            "left": "NaN%",
            "position": "absolute",
          }
        }
        tabIndex={0}
        type="button"
      />
      <div
        className="rheostat-progress"
        style={
          Object {
            "left": "NaN%",
            "width": "NaN%",
          }
        }
      />
    </div>
    <div
      className="sc-bxivhb bCEIsr"
    >
      <div
        className="sc-ifAKCX TiiUY"
      >
        <div
          className="sc-EHOje jAnwVP"
        >
          Min
        </div>
        <div
          className="sc-bZQynM klfGCS"
        >
          $
        </div>
      </div>
      <div
        className="sc-ifAKCX gENqNG"
      >
        <div
          className="sc-EHOje jAnwVP"
        >
          Max
        </div>
        <div
          className="sc-bZQynM klfGCS"
        >
          $
        </div>
      </div>
    </div>
  </div>
</div>
`;
